Copyright 1986-2019 Xilinx, Inc. All Rights Reserved.
-----------------------------------------------------------------------------------------
| Tool Version : Vivado v.2019.2 (win64) Build 2708876 Wed Nov  6 21:40:23 MST 2019
| Date         : Tue Sep 28 18:05:49 2021
| Host         : DESKTOP-LM951GG running 64-bit major release  (build 9200)
| Command      : report_control_sets -verbose -file soc_lite_top_control_sets_placed.rpt
| Design       : soc_lite_top
| Device       : xc7a200t
-----------------------------------------------------------------------------------------

Control Set Information

Table of Contents
-----------------
1. Summary
2. Histogram
3. Flip-Flop Distribution
4. Detailed Control Set Information

1. Summary
----------

+----------------------------------------------------------+-------+
|                          Status                          | Count |
+----------------------------------------------------------+-------+
| Total control sets                                       |    39 |
|    Minimum number of control sets                        |    39 |
|    Addition due to synthesis replication                 |     0 |
|    Addition due to physical synthesis replication        |     0 |
| Unused register locations in slices containing registers |    88 |
+----------------------------------------------------------+-------+
* Control sets can be merged at opt_design using control_set_merge or merge_equivalent_drivers
** Run report_qor_suggestions for automated merging and remapping suggestions


2. Histogram
------------

+--------------------+-------+
|       Fanout       | Count |
+--------------------+-------+
| Total control sets |    39 |
| >= 0 to < 4        |     2 |
| >= 4 to < 6        |     5 |
| >= 6 to < 8        |     1 |
| >= 8 to < 10       |     1 |
| >= 10 to < 12      |     1 |
| >= 12 to < 14      |     1 |
| >= 14 to < 16      |     0 |
| >= 16              |    28 |
+--------------------+-------+
* Control sets can be remapped at either synth_design or opt_design


3. Flip-Flop Distribution
-------------------------

+--------------+-----------------------+------------------------+-----------------+--------------+
| Clock Enable | Synchronous Set/Reset | Asynchronous Set/Reset | Total Registers | Total Slices |
+--------------+-----------------------+------------------------+-----------------+--------------+
| No           | No                    | No                     |             151 |           56 |
| No           | No                    | Yes                    |               0 |            0 |
| No           | Yes                   | No                     |             148 |           44 |
| Yes          | No                    | No                     |             315 |          153 |
| Yes          | No                    | Yes                    |               0 |            0 |
| Yes          | Yes                   | No                     |             530 |          293 |
+--------------+-----------------------+------------------------+-----------------+--------------+


4. Detailed Control Set Information
-----------------------------------

+-----------------------------+----------------------------------+-------------------------------+------------------+----------------+
|         Clock Signal        |           Enable Signal          |        Set/Reset Signal       | Slice Load Count | Bel Load Count |
+-----------------------------+----------------------------------+-------------------------------+------------------+----------------+
|  pll.clk_pll/inst/cpu_clk   | confreg/step1_sample             | confreg/SR[0]                 |                1 |              1 |
|  pll.clk_pll/inst/cpu_clk   | confreg/step0_sample             | confreg/SR[0]                 |                1 |              1 |
|  pll.clk_pll/inst/cpu_clk   |                                  | confreg/btn_key_r[11]_i_1_n_0 |                1 |              4 |
|  pll.clk_pll/inst/cpu_clk   |                                  | confreg/state_count0          |                1 |              4 |
|  pll.clk_pll/inst/cpu_clk   |                                  | cpu/reset                     |                4 |              4 |
|  pll.clk_pll/inst/cpu_clk   | cpu/id_stage/ds_to_es_valid      | cpu/id_stage/ds_valid_reg_1   |                1 |              4 |
|  pll.clk_pll/inst/cpu_clk   | cpu/exe_stage/ena                |                               |                2 |              4 |
|  pll.clk_pll/inst/cpu_clk   | confreg/p_0_in_1                 | confreg/SR[0]                 |                3 |              6 |
|  pll.clk_pll/inst/cpu_clk   | cpu/exe_stage/es_valid_reg_4[0]  | confreg/SR[0]                 |                5 |              8 |
|  pll.clk_pll/inst/cpu_clk   | cpu/id_stage/ds_to_es_valid      | cpu/id_stage/ds_valid_reg_0   |                3 |             10 |
|  pll.clk_pll/inst/cpu_clk   | cpu/id_stage/E[0]                |                               |                9 |             13 |
|  pll.clk_pll/inst/cpu_clk   |                                  | confreg/key_count0            |                5 |             20 |
|  pll.clk_pll/inst/cpu_clk   |                                  | confreg/step0_count0          |                5 |             20 |
|  pll.clk_pll/inst/cpu_clk   |                                  | confreg/step1_count0          |                5 |             20 |
|  pll.clk_pll/inst/cpu_clk   | cpu/exe_stage/cpu_resetn_reg[0]  |                               |               14 |             32 |
|  pll.clk_pll/inst/cpu_clk   | cpu/exe_stage/es_valid_reg_0[0]  | confreg/SR[0]                 |               22 |             32 |
|  pll.clk_pll/inst/cpu_clk   | cpu/exe_stage/es_valid_reg_1[0]  | confreg/SR[0]                 |                8 |             32 |
|  pll.clk_pll/inst/cpu_clk   | cpu/exe_stage/es_valid_reg_10[0] | confreg/SR[0]                 |               15 |             32 |
|  pll.clk_pll/inst/cpu_clk   | cpu/exe_stage/es_valid_reg_12[0] | confreg/SR[0]                 |               24 |             32 |
|  pll.clk_pll/inst/timer_clk |                                  | confreg/SR[0]                 |                8 |             32 |
|  pll.clk_pll/inst/cpu_clk   | cpu/exe_stage/es_valid_reg_3[0]  | confreg/SR[0]                 |               23 |             32 |
|  pll.clk_pll/inst/cpu_clk   | cpu/exe_stage/es_valid_reg_5[0]  | confreg/SR[0]                 |               11 |             32 |
|  pll.clk_pll/inst/cpu_clk   | cpu/exe_stage/es_valid_reg_6[0]  | confreg/SR[0]                 |               22 |             32 |
|  pll.clk_pll/inst/cpu_clk   | cpu/exe_stage/es_valid_reg_7[0]  | confreg/SR[0]                 |               18 |             32 |
|  pll.clk_pll/inst/cpu_clk   | cpu/exe_stage/es_valid_reg_9[0]  | confreg/SR[0]                 |               24 |             32 |
|  pll.clk_pll/inst/cpu_clk   | cpu/exe_stage/es_valid_reg_8[0]  | confreg/SR[0]                 |               21 |             32 |
|  pll.clk_pll/inst/cpu_clk   | cpu/exe_stage/es_valid_reg_13[0] | confreg/SR[0]                 |               22 |             32 |
|  pll.clk_pll/inst/cpu_clk   | cpu/id_stage/E[0]                | cpu/reset                     |               12 |             32 |
|  pll.clk_pll/inst/cpu_clk   | cpu/exe_stage/es_valid_reg_11[0] | confreg/SR[0]                 |               15 |             34 |
|  pll.clk_pll/inst/cpu_clk   | cpu/exe_stage/es_valid_reg_2[0]  | confreg/SR[0]                 |               16 |             34 |
|  pll.clk_pll/inst/cpu_clk   | cpu/mem_stage/ms_to_ws_valid     |                               |               19 |             38 |
|  pll.clk_pll/inst/cpu_clk   | cpu/exe_stage/es_to_ms_valid     |                               |               19 |             39 |
|  pll.clk_pll/inst/cpu_clk   |                                  | confreg/SR[0]                 |               15 |             44 |
|  pll.clk_pll/inst/cpu_clk   | cpu/exe_stage/E[0]               | confreg/SR[0]                 |               26 |             48 |
|  pll.clk_pll/inst/cpu_clk   | cpu/id_stage/fs_to_ds_bus_r0     |                               |               38 |             64 |
|  pll.clk_pll/inst/timer_clk |                                  |                               |               20 |             67 |
|  pll.clk_pll/inst/cpu_clk   |                                  |                               |               36 |             84 |
|  pll.clk_pll/inst/cpu_clk   | cpu/wb_stage/ws_valid_reg_0      |                               |               12 |             96 |
|  pll.clk_pll/inst/cpu_clk   | cpu/id_stage/ds_to_es_valid      |                               |               52 |            125 |
+-----------------------------+----------------------------------+-------------------------------+------------------+----------------+


